app/api/worker/picklists/[id]/handover/route.ts(4,26): error TS2305: Module '"@prisma/client"' has no exported member 'ReceiverDept'.
app/api/worker/picklists/[id]/handover/route.ts(37,7): error TS2353: Object literal may only specify known properties, and 'handover' does not exist in type '(Without<PicklistUpdateInput, PicklistUncheckedUpdateInput> & PicklistUncheckedUpdateInput) | (Without<...> & PicklistUpdateInput)'.
app/api/worker/picklists/[id]/lines/route.ts(48,11): error TS2353: Object literal may only specify known properties, and 'shortageReason' does not exist in type '(Without<PicklistLineUpdateInput, PicklistLineUncheckedUpdateInput> & PicklistLineUncheckedUpdateInput) | (Without<...> & PicklistLineUpdateInput)'.
app/api/worker/picklists/[id]/route.ts(17,7): error TS2353: Object literal may only specify known properties, and 'handover' does not exist in type 'PicklistInclude<DefaultArgs>'.
app/api/worker/picklists/[id]/route.ts(22,29): error TS2551: Property 'assignee' does not exist on type '{ status: PicklistStatus; id: string; createdAt: Date; updatedAt: Date; code: string; notes: string | null; deliveredAt: Date | null; projectId: string | null; ... 10 more ...; returnImage: string | null; }'. Did you mean 'assigneeId'?
app/api/worker/returns/route.ts(4,10): error TS2305: Module '"@prisma/client"' has no exported member 'ItemCondition'.
app/api/worker/returns/route.ts(29,28): error TS2339: Property 'return' does not exist on type 'PrismaClient<PrismaClientOptions, never, DefaultArgs>'.
modules/auth/index.ts(16,23): error TS2339: Property 'pinHash' does not exist on type '{ id: string; name: string; isActive: boolean; createdAt: Date; updatedAt: Date; employeeId: string; role: Role; passwordHash: string | null; authType: AuthType | null; ... 4 more ...; resetCodeExpiresAt: Date | null; }'.
modules/auth/index.ts(30,7): error TS2353: Object literal may only specify known properties, and 'pinHash' does not exist in type '(Without<UserUpdateInput, UserUncheckedUpdateInput> & UserUncheckedUpdateInput) | (Without<...> & UserUpdateInput)'.
modules/inventory/index.ts(8,17): error TS2339: Property 'inventoryItem' does not exist on type 'PrismaClient<PrismaClientOptions, never, DefaultArgs>'.
modules/picklists/index.ts(22,7): error TS2353: Object literal may only specify known properties, and 'handover' does not exist in type 'PicklistInclude<DefaultArgs>'.
modules/stock/index.ts(4,17): error TS2339: Property 'inventoryItem' does not exist on type 'PrismaClient<PrismaClientOptions, never, DefaultArgs>'.
modules/stock/index.ts(8,17): error TS2339: Property 'stockLedger' does not exist on type 'PrismaClient<PrismaClientOptions, never, DefaultArgs>'.
modules/users/index.ts(25,7): error TS2353: Object literal may only specify known properties, and 'pinHash' does not exist in type '(Without<UserCreateInput, UserUncheckedCreateInput> & UserUncheckedCreateInput) | (Without<...> & UserCreateInput)'.
modules/users/index.ts(46,7): error TS2353: Object literal may only specify known properties, and 'pinHash' does not exist in type '(Without<UserUpdateInput, UserUncheckedUpdateInput> & UserUncheckedUpdateInput) | (Without<...> & UserUpdateInput)'.
